+-+-+-+-+-+-+-+-+-+-+-+-+-+-+-+-+-+-+-+-+-+-+-+-+-+-+-+-+-+-+
|                                                           |
+ +-+-+-+-+ +-+-+-+-+ +-+-+-+-+ +-+-+-+-+ +-+-+-+-+ +-+D+-+ +
| | | | | | | | | | | | | | | | | | | | | | | | | | | | | | |
+ +-+-+-+-+ +-+-+-+-+ +-+-+-+-+ +-+-+-+-+ +-+-+-+-+ +-+-+-+ +
| | | | | | | | | | | | | | | | | | | | | | | | | | | | | | |
+ +-+-+-+-+ +-+-+-+-+ +-+-+-+-+ +-+-+-+-+ +-+-+-+-+ +-+-+-+ +
| D | | | | | | | | | | | | | | | | | | | | | | | D | | | | |
+ +-+-+-+-+ +-+-+-+-+ +-+-+-+-+ +-+-+-+-+ +-+-+-+-+ +-+-+-+ +
| | | | | | | | | | | | | | | | | | | | | | | | | | D | | | |
+ +-+-+-+-+ +D+-+-+-+ +-+-+-+D+ +-+-+D+-+ +-+-+-+-+ +-+-+-+ +
|                                                           |
+ +-+D+-+-+ +-+-+-+-+ +-+-+D+D+ +-+-+-+-+ +-+-+D+-+ +-+-+-+ +
| | | | | | | | | | | | | | | | | | | | D | | | | | | | | | |
+ +-+-+-+-+ +-+-+-+-+ +-+-+-+-+ +-+-+-+-+ +-+-+-+-+ +-+-+-+ +
| | | | | | D | | | | | | | | | | | | | | | | | | | | | | | |
+ +-+-+-+-+ +-+-+-+-+ +-+-+-+-+ +-+-+-+-+ +-+-+-+-+ +-+-+-+ +
| | | | | | | | | | | | | | | | | | | | | | | | | | | | | | |
+ +-+-+-+-+ +-+-+-+-+ +-+-+-+-+ +-+-+-+-+ +-+-+-+-+ +-+-+-+ +
| | | | | | | | | | | | | | | | | | | | | | | | | | | | | | |
+ +-+-+-+-+ +-+-+-+-+ +-+-+-+-+ +-+-+-+-+ +-+-+-+-+ +-+-+D+ +
|                                                           |
+ +-+-+-+-+ +D+-+-+-+ + + + + + + + + + + +-+D+-+-+ +-+-+-+ +
| | | | | | | | | | D                     | | | | | | | | | |
+ +-+-+-+-+ +-+-+-+-+ + + + + + + + + + + +-+-+-+-+ +-+-+-+ +
| | | | | | | | | | |                     | | | | | | | | D |
+ +-+-+-+-+ +-+-+-+-+ + + + + + + + + + + +-+-+-+-+ +-+-+-+ +
| D | | | | | | | | |                     | | | | | | | | | |
+ +-+-+-+-+ +-+-+-+-+ + + + + + + + + + + +-+-+-+-+ +-+-+-+ +
| | | | | D | | | | |                     | | | | | | | | | |
+ +-+-+-+-+ +-+-+-+-+ + + + + + + + + + + +-+-+-+-+ +-+-+-+ +
|                                                           |
+ +-+D+-+-+ +-+-+-+-+ +-+-+-+-+ +-+-+-+-+ +-+-+-+-+ +-+D+-+ +
| | | | | | | | | | D | | | | | D | | | | | | | | | | | | | |
+ +-+-+-+-+ +-+-+-+-+ +-+-+-+-+ +-+-+-+-+ +-+-+-+-+ +-+-+-+ +
| | | | | | | | | | | | | | | | | | | | | | | | | | | | | | |
+ +-+-+-+-+ +-+-+-+-+ +-+-+-+-+ +-+-+-+-+ +-+-+-+-+ +-+-+-+ +
| | | | | | | | | | | | | | | | | | | | | | | | | | | | | | |
+ +-+-+-+-+ +-+-+-+-+ +-+-+-+-+ +-+-+-+-+ +-+-+-+-+ +-+-+-+ +
| | | | | | | | | | | | | | | D | | | | | | | | | | | | | | |
+ +-+-+-+-+ +-+-+-+-+ +-+-+-+-+ +-+-+-+-+ +-+-+-+D+ +-+-+-+ +
|                                                           |
+ +-+-+-+-+ +-+-+D+-+ +-+-+-+-+ +-+D+-+-+ +-+-+D+-+ +-+-+-+ +
| | | | | | | | | | | | | | | | D | | | | | | | | | | | | | |
+ +-+-+-+-+ +-+-+-+-+ +-+-+-+-+ +-+-+-+-+ +-+-+-+-+ +-+-+-+ +
| | | | | | | | | | | | | | | | | | | | | | | | | | | | | | |
+ +-+-+-+-+ +-+-+-+-+ +-+-+-+-+ +-+-+-+-+ +-+-+-+-+ +-+-+-+ +
| | | | | | | | | | | D | | | | | | | | | | | | | | | | | D |
+ +-+-+-+-+ +-+-+-+-+ +-+-+-+-+ +-+-+-+-+ +-+-+-+-+ +-+-+-+ +
| | | | | | | | | | | | | | | | | | | | | | | | | | | | | | |
+ +-+D+-+-+ +-+-+-+-+ +-+-+-+-+ +-+-+-+-+ +-+-+D+-+ +-+-+-+ +
|                                                           |
+ +-+-+-+-+ +-+D+-+-+ +-+D+-+-+ +-+-+-+-+ +-+-+-+-+ +-+D+-+ +
| | | | | | | | | | | | | | | | | | | | | | | | | D | | | | |
+ +-+-+-+-+ +-+-+-+-+ +-+-+-+-+ +-+-+-+-+ +-+-+-+-+ +-+-+-+ +
| | | | | | | | | | | | | | | | D | | | | | | | | | | | | | |
+ +-+-+-+-+ +-+-+-+-+ +-+-+-+-+ +-+-+-+-+ +-+-+-+-+ +-+-+-+ +
| | | | | | | | | | | | | | | | | | | | | | | | | D | | | | |
+ +-+D+-+D+ +-+-+-+-+ +-+D+-+-+ +-+D+-+-+ +-+-+-+-+ +-+D+-+ +
|                              @                            |
+-+-+-+-+-+-+-+-+-+-+-+-+-+-+-+-+-+-+-+-+-+-+-+-+-+-+-+-+-+-+

;; The town of Closure — the campaign's city, Skara Brae
;; sized: a 30x30 walled grid of streets and house blocks.
;; GENERATED by worlds/closure/gen-town.lisp — edit and rerun
;; that script instead of this file.  Houses draw one of the
;; three facade pictures (gfx/house-0..2.iff, :facade) from
;; the street and the matching interior (gfx/interior-0..2.iff,
;; :image) inside; :style pins the house's perspective wall
;; pieces to the matching pack variant.  The shoppe and the
;; tavern (trapdoor to cellar.map below) flank the south gate
;; where the party starts.

(zone :kind :city :title "Closure" :gfx "gfx/")

(special (1 3)
  (location "A Stone Cottage — the Weaver's" :house
           :image "gfx/interior-0.iff"
           :facade "gfx/house-0.iff" :style 1))

(special (6 4)
  (location "A Timber House — the Cooper's" :house
           :image "gfx/interior-1.iff"
           :facade "gfx/house-1.iff" :style 0))

(special (14 4)
  (location "A Timber House — the Chandler's" :house
           :image "gfx/interior-1.iff"
           :facade "gfx/house-1.iff" :style 0))

(special (18 4)
  (location "A Stone Cottage — the Mason's" :house
           :image "gfx/interior-0.iff"
           :facade "gfx/house-0.iff" :style 1))

(special (24 3)
  (location "A Timber House — the Fletcher's" :house
           :image "gfx/interior-1.iff"
           :facade "gfx/house-1.iff" :style 0))

(special (26 4)
  (location "A Tall Townhouse — the Tanner's" :house
           :image "gfx/interior-2.iff"
           :facade "gfx/house-2.iff" :style 2))

(special (27 1)
  (location "A Timber House — the Miller's" :house
           :image "gfx/interior-1.iff"
           :facade "gfx/house-1.iff" :style 0))

(special (2 6)
  (location "A Stone Cottage — the Scribe's" :house
           :image "gfx/interior-0.iff"
           :facade "gfx/house-0.iff" :style 1))

(special (6 7)
  (location "A Tall Townhouse — the Herbalist's" :house
           :image "gfx/interior-2.iff"
           :facade "gfx/house-2.iff" :style 2))

(special (13 6)
  (location "A Timber House — the Cartwright's" :house
           :image "gfx/interior-1.iff"
           :facade "gfx/house-1.iff" :style 0))

(special (14 6)
  (location "A Stone Cottage — the Smith's" :house
           :image "gfx/interior-0.iff"
           :facade "gfx/house-0.iff" :style 1))

(special (19 6)
  (location "A Timber House — the Potter's" :house
           :image "gfx/interior-1.iff"
           :facade "gfx/house-1.iff" :style 0))

(special (23 6)
  (location "A Timber House — the Dyer's" :house
           :image "gfx/interior-1.iff"
           :facade "gfx/house-1.iff" :style 0))

(special (28 9)
  (location "A Stone Cottage — the Brewer's" :house
           :image "gfx/interior-0.iff"
           :facade "gfx/house-0.iff" :style 1))

(special (1 13)
  (location "A Tall Townhouse — the Glazier's" :house
           :image "gfx/interior-2.iff"
           :facade "gfx/house-2.iff" :style 2))

(special (4 14)
  (location "A Stone Cottage — the Baker's" :house
           :image "gfx/interior-0.iff"
           :facade "gfx/house-0.iff" :style 1))

(special (6 11)
  (location "A Tall Townhouse — the Weaver's" :house
           :image "gfx/interior-2.iff"
           :facade "gfx/house-2.iff" :style 2))

(special (9 11)
  (location "A Stone Cottage — the Cooper's" :house
           :image "gfx/interior-0.iff"
           :facade "gfx/house-0.iff" :style 1))

(special (22 11)
  (location "A Stone Cottage — the Chandler's" :house
           :image "gfx/interior-0.iff"
           :facade "gfx/house-0.iff" :style 1))

(special (28 12)
  (location "A Timber House — the Mason's" :house
           :image "gfx/interior-1.iff"
           :facade "gfx/house-1.iff" :style 0))

(special (2 16)
  (location "A Timber House — the Fletcher's" :house
           :image "gfx/interior-1.iff"
           :facade "gfx/house-1.iff" :style 0))

(special (9 16)
  (location "A Tall Townhouse — the Tanner's" :house
           :image "gfx/interior-2.iff"
           :facade "gfx/house-2.iff" :style 2))

(special (14 19)
  (location "A Tall Townhouse — the Miller's" :house
           :image "gfx/interior-2.iff"
           :facade "gfx/house-2.iff" :style 2))

(special (16 16)
  (location "A Timber House — the Scribe's" :house
           :image "gfx/interior-1.iff"
           :facade "gfx/house-1.iff" :style 0))

(special (24 19)
  (location "A Timber House — the Herbalist's" :house
           :image "gfx/interior-1.iff"
           :facade "gfx/house-1.iff" :style 0))

(special (27 16)
  (location "A Stone Cottage — the Cartwright's" :house
           :image "gfx/interior-0.iff"
           :facade "gfx/house-0.iff" :style 1))

(special (2 24)
  (location "A Stone Cottage — the Smith's" :house
           :image "gfx/interior-0.iff"
           :facade "gfx/house-0.iff" :style 1))

(special (8 21)
  (location "A Tall Townhouse — the Potter's" :house
           :image "gfx/interior-2.iff"
           :facade "gfx/house-2.iff" :style 2))

(special (11 23)
  (location "A Stone Cottage — the Dyer's" :house
           :image "gfx/interior-0.iff"
           :facade "gfx/house-0.iff" :style 1))

(special (17 21)
  (location "A Stone Cottage — the Brewer's" :house
           :image "gfx/interior-0.iff"
           :facade "gfx/house-0.iff" :style 1))

(special (16 21)
  (location "A Timber House — the Glazier's" :house
           :image "gfx/interior-1.iff"
           :facade "gfx/house-1.iff" :style 0))

(special (23 24)
  (location "A Timber House — the Baker's" :house
           :image "gfx/interior-1.iff"
           :facade "gfx/house-1.iff" :style 0))

(special (23 21)
  (location "A Stone Cottage — the Weaver's" :house
           :image "gfx/interior-0.iff"
           :facade "gfx/house-0.iff" :style 1))

(special (28 23)
  (location "A Stone Cottage — the Cooper's" :house
           :image "gfx/interior-0.iff"
           :facade "gfx/house-0.iff" :style 1))

(special (2 28)
  (location "A Timber House — the Chandler's" :house
           :image "gfx/interior-1.iff"
           :facade "gfx/house-1.iff" :style 0))

(special (4 28)
  (location "A Tall Townhouse — the Mason's" :house
           :image "gfx/interior-2.iff"
           :facade "gfx/house-2.iff" :style 2))

(special (7 26)
  (location "A Tall Townhouse — the Fletcher's" :house
           :image "gfx/interior-2.iff"
           :facade "gfx/house-2.iff" :style 2))

(special (12 26)
  (location "A Timber House — the Tanner's" :house
           :image "gfx/interior-1.iff"
           :facade "gfx/house-1.iff" :style 0))

(special (16 27)
  (location "A Tall Townhouse — the Miller's" :house
           :image "gfx/interior-2.iff"
           :facade "gfx/house-2.iff" :style 2))

(special (24 28)
  (location "A Tall Townhouse — the Scribe's" :house
           :image "gfx/interior-2.iff"
           :facade "gfx/house-2.iff" :style 2))

(special (24 26)
  (location "A Tall Townhouse — the Herbalist's" :house
           :image "gfx/interior-2.iff"
           :facade "gfx/house-2.iff" :style 2))

(special (27 28)
  (location "A Stone Cottage — the Cartwright's" :house
           :image "gfx/interior-0.iff"
           :facade "gfx/house-0.iff" :style 1))

(special (27 26)
  (location "A Stone Cottage — the Smith's" :house
           :image "gfx/interior-0.iff"
           :facade "gfx/house-0.iff" :style 1))

(special (12 28)
  (location "Wolfgar's Arms & Armour" :shop
           :image "gfx/shop.iff"
           :stock (torch healing-potion lantern dagger short-sword
                   mace war-axe broadsword leather-armor splint-mail
                   chain-mail buckler tower-shield)))

(special (17 28)
  (location "The Adventurer's Rest" :tavern :price 4 :down "cellar.map"
           :image "gfx/tavern.iff"))

(special (15 29)
  (once (message "Welcome to Closure, last stop before the depths."
         "Wolfgar's shoppe lies west along the wall; the tavern east.")))

(special (15 13)
  (once (message "The Gran Plaza of Closure.  A statue of the First Lambda"
         "looks south toward the gate.")))

(special (2 5)
  (once (message "Cons Street.")))

(special (2 10)
  (once (message "Cdr Lane.")))

(special (2 20)
  (once (message "Macro Row.")))

(special (2 25)
  (once (message "Tail Call Alley.")))

(special (5 2)
  (once (message "Lambda Lane.")))

(special (10 2)
  (once (message "Quote Street.")))

(special (20 2)
  (once (message "Symbol Street.")))

(special (25 2)
  (once (message "Collector's Walk.")))

(special (15 22)
  (at-night (message "Footpads leap from the shadows!")
            (encounter ("footpad" "1d2"))))
